<html>
<body>
<pre>
<h1>礦ision Build Log</h1>
<h2>Tool Versions:</h2>
IDE-Version: μVision V5.15
Copyright (C) 2015 ARM Ltd and ARM Germany GmbH. All rights reserved.
License Information: Joy Euler, EulerSpace, LIC=03C01-CDH2T-Z8SFH-W2LAT-5EIBC-3KHJQ
 
Tool Versions:
Toolchain:       MDK-ARM Standard  Version: 5.15.0
Toolchain Path:  C:\Keil_v5\ARM\ARMCC\Bin
C Compiler:      Armcc.exe V5.05 update 2 (build 169)
Assembler:       Armasm.exe V5.05 update 2 (build 169)
Linker/Locator:  ArmLink.exe V5.05 update 2 (build 169)
Library Manager: ArmAr.exe V5.05 update 2 (build 169)
Hex Converter:   FromElf.exe V5.05 update 2 (build 169)
CPU DLL:         
Dialog DLL:      
Target DLL:      Segger\JL2CM3.dll V2.99.15.0
Dialog DLL:      TARMCM1.DLL V1.9.0.0
 
<h2>Project:</h2>
Z:\Code\minidrone\RF\receiver\NRF51822-BLE串口代码\BLE_UART_Fly\Board\pca10001\s110\experimental\ble_app_uart\arm\ble_app_uart.uvprojx
Project File Date:  01/21/2016

<h2>Output:</h2>
*** Using Compiler 'V5.05 update 2 (build 169)', folder: 'C:\Keil_v5\ARM\ARMCC\Bin'
Build target 'nrf51822_xxaa_s110_FLY1.6 (256K)'
compiling main_fly.c...
linking...
Program Size: Code=9292 RO-data=244 RW-data=104 ZI-data=4944  
FromELF: creating hex file...
".\_build\ble_app_uart.axf" - 0 Error(s), 0 Warning(s).

<h2>Collection of Component include folders:</h2>
  Z:\Code\minidrone\RF\receiver\NRF51822-BLE串口代码\BLE_UART_Fly\Board\pca10001\s110\experimental\ble_app_uart\arm\RTE
  C:\Keil_v5\ARM\PACK\NordicSemiconductor\nRF_DeviceFamilyPack\1.0.3\Device\Include

<h2>Collection of Component Files used:</h2>
</pre>
</body>
</html>
